[2026-09-06T03:50:35.597Z] [INFO ] ══════════════════════════════════════════════
[2026-09-06T03:50:35.599Z] [INFO ] SonarGold Scraper v4.0 starting...
[2026-09-06T03:50:35.601Z] [INFO ] Mode: LIVE
[2026-09-06T03:50:35.602Z] [INFO ] ══════════════════════════════════════════════
[2026-09-06T03:50:35.604Z] [INFO ] History size — Gold: 257, Silver: 239, Intl: 353
[2026-09-06T03:50:35.607Z] [INFO ] ════════════════════════════════
[2026-09-06T03:50:35.608Z] [INFO ] Starting BAJUS scrape v4.0 (sequential)...
[2026-09-06T03:50:35.609Z] [INFO ] Trying Strategy 1: BAJUSCTG API...
[2026-09-06T03:50:36.198Z] [WARN ] BAJUSCTG API failed: HTTP 403
[2026-09-06T03:50:36.199Z] [INFO ] Trying BAJUSCTG HTML fallback...
[2026-09-06T03:50:36.989Z] [WARN ] BAJUSCTG HTML failed: HTTP 403
[2026-09-06T03:50:36.990Z] [INFO ] Trying Strategy 2: GoldR.org homepage...
[2026-09-06T03:50:37.342Z] [WARN ] GoldR.org parsed but data invalid
[2026-09-06T03:50:37.343Z] [INFO ] Trying Strategy 3: bdgoldprice.com...
[2026-09-06T03:50:37.464Z] [INFO ] Trying Strategy 4: Wayback Machine...
[2026-09-06T03:50:38.004Z] [WARN ] Cache too old (214h)
[2026-09-06T03:50:38.005Z] [ERROR] CRITICAL FAILURE — All sources + cache unavailable. Using zero fallback.
[2026-09-06T03:50:38.006Z] [INFO ] Fetching international prices...
[2026-09-06T03:50:39.156Z] [INFO ] Gold: no change — skipping append
[2026-09-06T03:50:39.157Z] [INFO ] Silver: no change — skipping append
[2026-09-06T03:50:39.158Z] [INFO ] Intl: appended entry #354
[2026-09-06T03:50:39.171Z] [INFO ] latest.json written | Final source: fallback
[2026-09-06T03:50:39.172Z] [INFO ] ══════════════════════════════════════════════
