[2026-09-05T03:46:58.184Z] [INFO ] ══════════════════════════════════════════════
[2026-09-05T03:46:58.187Z] [INFO ] SonarGold Scraper v4.0 starting...
[2026-09-05T03:46:58.188Z] [INFO ] Mode: LIVE
[2026-09-05T03:46:58.190Z] [INFO ] ══════════════════════════════════════════════
[2026-09-05T03:46:58.195Z] [INFO ] History size — Gold: 257, Silver: 239, Intl: 352
[2026-09-05T03:46:58.196Z] [INFO ] ════════════════════════════════
[2026-09-05T03:46:58.197Z] [INFO ] Starting BAJUS scrape v4.0 (sequential)...
[2026-09-05T03:46:58.198Z] [INFO ] Trying Strategy 1: BAJUSCTG API...
[2026-09-05T03:46:58.757Z] [WARN ] BAJUSCTG API failed: HTTP 403
[2026-09-05T03:46:58.758Z] [INFO ] Trying BAJUSCTG HTML fallback...
[2026-09-05T03:46:59.360Z] [WARN ] BAJUSCTG HTML failed: HTTP 403
[2026-09-05T03:46:59.362Z] [INFO ] Trying Strategy 2: GoldR.org homepage...
[2026-09-05T03:46:59.641Z] [WARN ] GoldR.org parsed but data invalid
[2026-09-05T03:46:59.643Z] [INFO ] Trying Strategy 3: bdgoldprice.com...
[2026-09-05T03:46:59.771Z] [INFO ] Trying Strategy 4: Wayback Machine...
[2026-09-05T03:47:01.280Z] [WARN ] Cache too old (190h)
[2026-09-05T03:47:01.281Z] [ERROR] CRITICAL FAILURE — All sources + cache unavailable. Using zero fallback.
[2026-09-05T03:47:01.282Z] [INFO ] Fetching international prices...
[2026-09-05T03:47:01.914Z] [INFO ] Gold: no change — skipping append
[2026-09-05T03:47:01.916Z] [INFO ] Silver: no change — skipping append
[2026-09-05T03:47:01.917Z] [INFO ] Intl: appended entry #353
[2026-09-05T03:47:01.932Z] [INFO ] latest.json written | Final source: fallback
[2026-09-05T03:47:01.933Z] [INFO ] ══════════════════════════════════════════════
[2026-09-05T08:13:13.355Z] [INFO ] ══════════════════════════════════════════════
[2026-09-05T08:13:13.358Z] [INFO ] SonarGold Scraper v4.0 starting...
[2026-09-05T08:13:13.359Z] [INFO ] Mode: LIVE
[2026-09-05T08:13:13.361Z] [INFO ] ══════════════════════════════════════════════
[2026-09-05T08:13:13.366Z] [INFO ] History size — Gold: 257, Silver: 239, Intl: 353
[2026-09-05T08:13:13.367Z] [INFO ] ════════════════════════════════
[2026-09-05T08:13:13.368Z] [INFO ] Starting BAJUS scrape v4.0 (sequential)...
[2026-09-05T08:13:13.369Z] [INFO ] Trying Strategy 1: BAJUSCTG API...
[2026-09-05T08:13:14.097Z] [WARN ] BAJUSCTG API failed: HTTP 403
[2026-09-05T08:13:14.098Z] [INFO ] Trying BAJUSCTG HTML fallback...
[2026-09-05T08:13:14.723Z] [WARN ] BAJUSCTG HTML failed: HTTP 403
[2026-09-05T08:13:14.724Z] [INFO ] Trying Strategy 2: GoldR.org homepage...
[2026-09-05T08:13:15.020Z] [WARN ] GoldR.org parsed but data invalid
[2026-09-05T08:13:15.021Z] [INFO ] Trying Strategy 3: bdgoldprice.com...
[2026-09-05T08:13:15.228Z] [INFO ] Trying Strategy 4: Wayback Machine...
[2026-09-05T08:13:16.214Z] [WARN ] Cache too old (195h)
[2026-09-05T08:13:16.216Z] [ERROR] CRITICAL FAILURE — All sources + cache unavailable. Using zero fallback.
[2026-09-05T08:13:16.217Z] [INFO ] Fetching international prices...
[2026-09-05T08:13:16.773Z] [INFO ] Gold: no change — skipping append
[2026-09-05T08:13:16.774Z] [INFO ] Silver: no change — skipping append
[2026-09-05T08:13:16.775Z] [INFO ] Intl: no change — skipping append
[2026-09-05T08:13:16.790Z] [INFO ] latest.json written | Final source: fallback
[2026-09-05T08:13:16.792Z] [INFO ] ══════════════════════════════════════════════
[2026-09-05T11:57:53.606Z] [INFO ] ══════════════════════════════════════════════
[2026-09-05T11:57:53.608Z] [INFO ] SonarGold Scraper v4.0 starting...
[2026-09-05T11:57:53.610Z] [INFO ] Mode: LIVE
[2026-09-05T11:57:53.611Z] [INFO ] ══════════════════════════════════════════════
[2026-09-05T11:57:53.615Z] [INFO ] History size — Gold: 257, Silver: 239, Intl: 353
[2026-09-05T11:57:53.616Z] [INFO ] ════════════════════════════════
[2026-09-05T11:57:53.617Z] [INFO ] Starting BAJUS scrape v4.0 (sequential)...
[2026-09-05T11:57:53.618Z] [INFO ] Trying Strategy 1: BAJUSCTG API...
[2026-09-05T11:57:54.175Z] [WARN ] BAJUSCTG API failed: HTTP 403
[2026-09-05T11:57:54.176Z] [INFO ] Trying BAJUSCTG HTML fallback...
[2026-09-05T11:57:54.832Z] [WARN ] BAJUSCTG HTML failed: HTTP 403
[2026-09-05T11:57:54.834Z] [INFO ] Trying Strategy 2: GoldR.org homepage...
[2026-09-05T11:57:55.064Z] [WARN ] GoldR.org parsed but data invalid
[2026-09-05T11:57:55.066Z] [INFO ] Trying Strategy 3: bdgoldprice.com...
[2026-09-05T11:57:55.285Z] [INFO ] Trying Strategy 4: Wayback Machine...
[2026-09-05T11:57:57.427Z] [WARN ] Cache too old (198h)
[2026-09-05T11:57:57.429Z] [ERROR] CRITICAL FAILURE — All sources + cache unavailable. Using zero fallback.
[2026-09-05T11:57:57.430Z] [INFO ] Fetching international prices...
[2026-09-05T11:57:58.076Z] [INFO ] Gold: no change — skipping append
[2026-09-05T11:57:58.078Z] [INFO ] Silver: no change — skipping append
[2026-09-05T11:57:58.079Z] [INFO ] Intl: no change — skipping append
[2026-09-05T11:57:58.094Z] [INFO ] latest.json written | Final source: fallback
[2026-09-05T11:57:58.095Z] [INFO ] ══════════════════════════════════════════════
[2026-09-05T15:03:28.789Z] [INFO ] ══════════════════════════════════════════════
[2026-09-05T15:03:28.790Z] [INFO ] SonarGold Scraper v4.0 starting...
[2026-09-05T15:03:28.791Z] [INFO ] Mode: LIVE
[2026-09-05T15:03:28.792Z] [INFO ] ══════════════════════════════════════════════
[2026-09-05T15:03:28.795Z] [INFO ] History size — Gold: 257, Silver: 239, Intl: 353
[2026-09-05T15:03:28.795Z] [INFO ] ════════════════════════════════
[2026-09-05T15:03:28.796Z] [INFO ] Starting BAJUS scrape v4.0 (sequential)...
[2026-09-05T15:03:28.796Z] [INFO ] Trying Strategy 1: BAJUSCTG API...
[2026-09-05T15:03:29.310Z] [WARN ] BAJUSCTG API failed: HTTP 403
[2026-09-05T15:03:29.311Z] [INFO ] Trying BAJUSCTG HTML fallback...
[2026-09-05T15:03:29.982Z] [WARN ] BAJUSCTG HTML failed: HTTP 403
[2026-09-05T15:03:29.983Z] [INFO ] Trying Strategy 2: GoldR.org homepage...
[2026-09-05T15:03:30.779Z] [WARN ] GoldR.org failed: HTTP 403
[2026-09-05T15:03:30.780Z] [INFO ] Trying Strategy 3: bdgoldprice.com...
[2026-09-05T15:03:31.150Z] [INFO ] Trying Strategy 4: Wayback Machine...
[2026-09-05T15:03:32.759Z] [WARN ] Cache too old (202h)
[2026-09-05T15:03:32.759Z] [ERROR] CRITICAL FAILURE — All sources + cache unavailable. Using zero fallback.
[2026-09-05T15:03:32.760Z] [INFO ] Fetching international prices...
[2026-09-05T15:03:33.132Z] [INFO ] Gold: no change — skipping append
[2026-09-05T15:03:33.133Z] [INFO ] Silver: no change — skipping append
[2026-09-05T15:03:33.133Z] [INFO ] Intl: no change — skipping append
[2026-09-05T15:03:33.145Z] [INFO ] latest.json written | Final source: fallback
[2026-09-05T15:03:33.146Z] [INFO ] ══════════════════════════════════════════════
[2026-09-05T17:29:59.302Z] [INFO ] ══════════════════════════════════════════════
[2026-09-05T17:29:59.305Z] [INFO ] SonarGold Scraper v4.0 starting...
[2026-09-05T17:29:59.306Z] [INFO ] Mode: LIVE
[2026-09-05T17:29:59.307Z] [INFO ] ══════════════════════════════════════════════
[2026-09-05T17:29:59.313Z] [INFO ] History size — Gold: 257, Silver: 239, Intl: 353
[2026-09-05T17:29:59.314Z] [INFO ] ════════════════════════════════
[2026-09-05T17:29:59.315Z] [INFO ] Starting BAJUS scrape v4.0 (sequential)...
[2026-09-05T17:29:59.316Z] [INFO ] Trying Strategy 1: BAJUSCTG API...
[2026-09-05T17:29:59.872Z] [WARN ] BAJUSCTG API failed: HTTP 403
[2026-09-05T17:29:59.873Z] [INFO ] Trying BAJUSCTG HTML fallback...
[2026-09-05T17:30:00.544Z] [WARN ] BAJUSCTG HTML failed: HTTP 403
[2026-09-05T17:30:00.545Z] [INFO ] Trying Strategy 2: GoldR.org homepage...
[2026-09-05T17:30:00.872Z] [WARN ] GoldR.org parsed but data invalid
[2026-09-05T17:30:00.873Z] [INFO ] Trying Strategy 3: bdgoldprice.com...
[2026-09-05T17:30:01.289Z] [INFO ] Trying Strategy 4: Wayback Machine...
[2026-09-05T17:30:02.857Z] [WARN ] Cache too old (204h)
[2026-09-05T17:30:02.858Z] [ERROR] CRITICAL FAILURE — All sources + cache unavailable. Using zero fallback.
[2026-09-05T17:30:02.858Z] [INFO ] Fetching international prices...
[2026-09-05T17:30:03.370Z] [INFO ] Gold: no change — skipping append
[2026-09-05T17:30:03.370Z] [INFO ] Silver: no change — skipping append
[2026-09-05T17:30:03.371Z] [INFO ] Intl: no change — skipping append
[2026-09-05T17:30:03.386Z] [INFO ] latest.json written | Final source: fallback
[2026-09-05T17:30:03.387Z] [INFO ] ══════════════════════════════════════════════
[2026-09-05T19:24:49.071Z] [INFO ] ══════════════════════════════════════════════
[2026-09-05T19:24:49.073Z] [INFO ] SonarGold Scraper v4.0 starting...
[2026-09-05T19:24:49.074Z] [INFO ] Mode: LIVE
[2026-09-05T19:24:49.075Z] [INFO ] ══════════════════════════════════════════════
[2026-09-05T19:24:49.079Z] [INFO ] History size — Gold: 257, Silver: 239, Intl: 353
[2026-09-05T19:24:49.080Z] [INFO ] ════════════════════════════════
[2026-09-05T19:24:49.080Z] [INFO ] Starting BAJUS scrape v4.0 (sequential)...
[2026-09-05T19:24:49.081Z] [INFO ] Trying Strategy 1: BAJUSCTG API...
[2026-09-05T19:24:49.798Z] [WARN ] BAJUSCTG API failed: HTTP 403
[2026-09-05T19:24:49.799Z] [INFO ] Trying BAJUSCTG HTML fallback...
[2026-09-05T19:24:50.474Z] [WARN ] BAJUSCTG HTML failed: HTTP 403
[2026-09-05T19:24:50.476Z] [INFO ] Trying Strategy 2: GoldR.org homepage...
[2026-09-05T19:24:51.501Z] [WARN ] GoldR.org failed: HTTP 403
[2026-09-05T19:24:51.502Z] [INFO ] Trying Strategy 3: bdgoldprice.com...
[2026-09-05T19:24:51.748Z] [INFO ] Trying Strategy 4: Wayback Machine...
[2026-09-05T19:24:52.686Z] [WARN ] Cache too old (206h)
[2026-09-05T19:24:52.687Z] [ERROR] CRITICAL FAILURE — All sources + cache unavailable. Using zero fallback.
[2026-09-05T19:24:52.688Z] [INFO ] Fetching international prices...
[2026-09-05T19:24:53.033Z] [INFO ] Gold: no change — skipping append
[2026-09-05T19:24:53.033Z] [INFO ] Silver: no change — skipping append
[2026-09-05T19:24:53.034Z] [INFO ] Intl: no change — skipping append
[2026-09-05T19:24:53.046Z] [INFO ] latest.json written | Final source: fallback
[2026-09-05T19:24:53.047Z] [INFO ] ══════════════════════════════════════════════
[2026-09-05T21:34:45.415Z] [INFO ] ══════════════════════════════════════════════
[2026-09-05T21:34:45.418Z] [INFO ] SonarGold Scraper v4.0 starting...
[2026-09-05T21:34:45.419Z] [INFO ] Mode: LIVE
[2026-09-05T21:34:45.421Z] [INFO ] ══════════════════════════════════════════════
[2026-09-05T21:34:45.425Z] [INFO ] History size — Gold: 257, Silver: 239, Intl: 353
[2026-09-05T21:34:45.426Z] [INFO ] ════════════════════════════════
[2026-09-05T21:34:45.427Z] [INFO ] Starting BAJUS scrape v4.0 (sequential)...
[2026-09-05T21:34:45.428Z] [INFO ] Trying Strategy 1: BAJUSCTG API...
[2026-09-05T21:34:46.549Z] [WARN ] BAJUSCTG API failed: HTTP 403
[2026-09-05T21:34:46.550Z] [INFO ] Trying BAJUSCTG HTML fallback...
[2026-09-05T21:34:47.252Z] [WARN ] BAJUSCTG HTML failed: HTTP 403
[2026-09-05T21:34:47.254Z] [INFO ] Trying Strategy 2: GoldR.org homepage...
[2026-09-05T21:34:47.503Z] [WARN ] GoldR.org parsed but data invalid
[2026-09-05T21:34:47.504Z] [INFO ] Trying Strategy 3: bdgoldprice.com...
[2026-09-05T21:34:47.742Z] [INFO ] Trying Strategy 4: Wayback Machine...
[2026-09-05T21:34:49.348Z] [WARN ] Cache too old (208h)
[2026-09-05T21:34:49.349Z] [ERROR] CRITICAL FAILURE — All sources + cache unavailable. Using zero fallback.
[2026-09-05T21:34:49.350Z] [INFO ] Fetching international prices...
[2026-09-05T21:34:49.934Z] [INFO ] Gold: no change — skipping append
[2026-09-05T21:34:49.936Z] [INFO ] Silver: no change — skipping append
[2026-09-05T21:34:49.937Z] [INFO ] Intl: no change — skipping append
[2026-09-05T21:34:49.952Z] [INFO ] latest.json written | Final source: fallback
[2026-09-05T21:34:49.953Z] [INFO ] ══════════════════════════════════════════════
[2026-09-05T23:39:45.469Z] [INFO ] ══════════════════════════════════════════════
[2026-09-05T23:39:45.471Z] [INFO ] SonarGold Scraper v4.0 starting...
[2026-09-05T23:39:45.472Z] [INFO ] Mode: LIVE
[2026-09-05T23:39:45.474Z] [INFO ] ══════════════════════════════════════════════
[2026-09-05T23:39:45.477Z] [INFO ] History size — Gold: 257, Silver: 239, Intl: 353
[2026-09-05T23:39:45.479Z] [INFO ] ════════════════════════════════
[2026-09-05T23:39:45.480Z] [INFO ] Starting BAJUS scrape v4.0 (sequential)...
[2026-09-05T23:39:45.481Z] [INFO ] Trying Strategy 1: BAJUSCTG API...
[2026-09-05T23:39:46.542Z] [WARN ] BAJUSCTG API failed: HTTP 403
[2026-09-05T23:39:46.544Z] [INFO ] Trying BAJUSCTG HTML fallback...
[2026-09-05T23:39:47.071Z] [WARN ] BAJUSCTG HTML failed: HTTP 403
[2026-09-05T23:39:47.073Z] [INFO ] Trying Strategy 2: GoldR.org homepage...
[2026-09-05T23:39:47.298Z] [WARN ] GoldR.org parsed but data invalid
[2026-09-05T23:39:47.299Z] [INFO ] Trying Strategy 3: bdgoldprice.com...
[2026-09-05T23:39:47.504Z] [INFO ] Trying Strategy 4: Wayback Machine...
[2026-09-05T23:39:52.826Z] [WARN ] Wayback failed: No snapshot
[2026-09-05T23:39:52.828Z] [WARN ] Cache too old (210h)
[2026-09-05T23:39:52.829Z] [ERROR] CRITICAL FAILURE — All sources + cache unavailable. Using zero fallback.
[2026-09-05T23:39:52.830Z] [INFO ] Fetching international prices...
[2026-09-05T23:39:53.459Z] [INFO ] Gold: no change — skipping append
[2026-09-05T23:39:53.460Z] [INFO ] Silver: no change — skipping append
[2026-09-05T23:39:53.461Z] [INFO ] Intl: no change — skipping append
[2026-09-05T23:39:53.476Z] [INFO ] latest.json written | Final source: fallback
[2026-09-05T23:39:53.477Z] [INFO ] ══════════════════════════════════════════════
